
> kelmac-dash@0.1.0 build
> next build

npm : [baseline-browser-mapping] The data in this module is over two months old.  To ensure accurate 
Baseline data, please update: `npm i baseline-browser-mapping@latest -D`
At line:1 char:1
+ npm run build > build-output.txt 2>&1; cat build-output.txt | tail -5 ...
+ ~~~~~~~~~~~~~~~~~~~~~~~~~~~~~~~~~~~~~
    + CategoryInfo          : NotSpecified: ([baseline-brows...ping@latest -D`:String) [], RemoteExcept 
   ion
    + FullyQualifiedErrorId : NativeCommandError
 
   Γû▓ Next.js 16.0.0 (Turbopack)
   - Environments: .env

   Creating an optimized production build ...
[baseline-browser-mapping] The data in this module is over two months old.  To ensure accurate Baseline 
data, please update: `npm i baseline-browser-mapping@latest -D`
 Γ£ô Compiled successfully in 4.8s
   Running TypeScript ...
Failed to compile.

./app/components/dashboard--component/MainDashboard-component.tsx:185:34
Type error: 'percent' is possibly 'undefined'.

[0m [90m 183 |[39m                   labelLine[33m=[39m{[36mfalse[39m}
 [90m 184 |[39m                   label[33m=[39m{({ name[33m,[39m percent }) [33m=>[39m
[31m[1m>[22m[39m[90m 185 |[39m                     [32m`${name}: ${(percent * 
100).toFixed(0)}%`[39m
 [90m     |[39m                                  [31m[1m^[22m[39m
 [90m 186 |[39m                   }
 [90m 187 |[39m                   outerRadius[33m=[39m{[35m100[39m}
 [90m 188 |[39m                   fill[33m=[39m[32m"#8884d8"[39m[0m
Next.js build worker exited with code: 1 and signal: null
